src/pages/Analytics.tsx(2,32): error TS6133: 'Clock' is declared but its value is never read.
src/pages/Analytics.tsx(89,9): error TS6133: 'formatTime' is declared but its value is never read.
src/pages/Contacts.tsx(4,40): error TS6133: 'TrendingUp' is declared but its value is never read.
src/pages/Contacts.tsx(5,5): error TS6133: 'X' is declared but its value is never read.
src/pages/Contacts.tsx(5,42): error TS6133: 'ChevronDown' is declared but its value is never read.
src/pages/Contacts.tsx(46,5): error TS6133: 'daysBetween' is declared but its value is never read.
src/pages/Deals.tsx(4,15): error TS6133: 'User' is declared but its value is never read.
src/pages/Deals.tsx(4,21): error TS6133: 'X' is declared but its value is never read.
src/pages/Deals.tsx(5,5): error TS6133: 'ChevronDown' is declared but its value is never read.
src/pages/Deals.tsx(5,37): error TS6133: 'ArrowUpDown' is declared but its value is never read.
src/pages/Deals.tsx(6,20): error TS6133: 'ShoppingBag' is declared but its value is never read.
src/pages/Deals.tsx(62,12): error TS6133: 'selectedDeals' is declared but its value is never read.
src/pages/Leads.tsx(38,1): error TS6192: All imports in import declaration are unused.
src/pages/Orders.tsx(30,7): error TS6133: 'paymentMethods' is declared but its value is never read.
src/pages/Orders.tsx(33,7): error TS6133: 'issueTypes' is declared but its value is never read.
