src/pages/Campaigns.tsx(5,18): error TS6133: 'ArrowUpDown' is declared but its value is never read.
src/pages/Campaigns.tsx(157,11): error TS6133: 'totalReplied' is declared but its value is never read.
src/pages/Customers.tsx(4,52): error TS6133: 'TrendingDown' is declared but its value is never read.
src/pages/Customers.tsx(6,54): error TS6133: 'Calendar' is declared but its value is never read.
src/pages/Customers.tsx(170,7): error TS6133: 'customerTones' is declared but its value is never read.
src/pages/Customers.tsx(178,23): error TS6133: 'setCustomers' is declared but its value is never read.
src/pages/Deals.tsx(4,5): error TS6133: 'TrendingUp' is declared but its value is never read.
src/pages/Deals.tsx(5,37): error TS6133: 'Phone' is declared but its value is never read.
src/pages/Deals.tsx(5,44): error TS6133: 'Mail' is declared but its value is never read.
src/pages/Documents.tsx(3,17): error TS6133: 'Plus' is declared but its value is never read.
src/pages/Documents.tsx(6,54): error TS6133: 'Star' is declared but its value is never read.
src/pages/Documents.tsx(137,7): error TS6133: 'fileTypes' is declared but its value is never read.
src/pages/Documents.tsx(144,23): error TS6133: 'setDocuments' is declared but its value is never read.
src/pages/Leads.tsx(5,5): error TS6133: 'Star' is declared but its value is never read.
src/pages/Leads.tsx(152,7): error TS6133: 'budgetRanges' is declared but its value is never read.
src/pages/Leads.tsx(154,7): error TS6133: 'rankings' is declared but its value is never read.
src/pages/Leads.tsx(155,7): error TS6133: 'industries' is declared but its value is never read.
src/pages/Orders.tsx(3,14): error TS6133: 'Plus' is declared but its value is never read.
src/pages/Orders.tsx(4,19): error TS6133: 'Phone' is declared but its value is never read.
src/pages/Orders.tsx(4,26): error TS6133: 'Mail' is declared but its value is never read.
src/pages/Orders.tsx(4,40): error TS6133: 'TrendingUp' is declared but its value is never read.
src/pages/Orders.tsx(6,5): error TS6133: 'ArrowUpDown' is declared but its value is never read.
src/pages/Orders.tsx(6,41): error TS6133: 'Calendar' is declared but its value is never read.
